127.0.0.1:6379> ttl name
(integer) -2
127.0.0.1:6379> expire name 10
(integer) 0
127.0.0.1:6379> ttl name
(integer) -2
127.0.0.1:6379>
127.0.0.1:6379> ttl NAME
(integer) -2
127.0.0.1:6379> KEYS *
(empty list or set)
127.0.0.1:6379> set name umang
OK
127.0.0.1:6379> expire name 10
(integer) 1
127.0.0.1:6379> ttl namew
(integer) -2
127.0.0.1:6379> ttl name
(integer) 2
127.0.0.1:6379> ttl name
(integer) -2
127.0.0.1:6379> keys 8
(empty list or set)
127.0.0.1:6379> KEYS *
(empty list or set)
127.0.0.1:6379> SETEX NAME AGE 10\
(error) ERR value is not an integer or out of range
127.0.0.1:6379> LPUSH friends ippo
(integer) 1
127.0.0.1:6379> lrange friends 0 -1
1) "ippo"
127.0.0.1:6379> rpush friends romy
(integer) 2
127.0.0.1:6379> lrange friends 0 -1
1) "ippo"
2) "romy"
127.0.0.1:6379> lpop friends
"ippo"
127.0.0.1:6379> sadd hobbies w
(integer) 1
127.0.0.1:6379> sadd hobbies w
(integer) 0
127.0.0.1:6379> smembers hobbies
1) "w"
127.0.0.1:6379> hset person name umang
(integer) 1
127.0.0.1:6379> hget person name
"umang"
127.0.0.1:6379> hgetall person
1) "name"
2) "umang"
127.0.0.1:6379>
127.0.0.1:6379>